===== deep=50  (1.09 MB/query)
    concept      n=16  r@1  25.0%  r@5  50.0%  r@20  62.5%  MRR 0.365
    person       n= 4  r@1  25.0%  r@5  50.0%  r@20  75.0%  MRR 0.344
    typo         n= 6  r@1  66.7%  r@5  66.7%  r@20 100.0%  MRR 0.695
  OVERALL      n=38  r@1  51.3%  r@5  66.7%  r@20  79.5%  MRR 0.602
    concept      n=16  r@1  31.2%  r@5  56.2%  r@20  81.2%  MRR 0.453
    person       n= 4  r@1   0.0%  r@5  75.0%  r@20  75.0%  MRR 0.271
    typo         n= 6  r@1  66.7%  r@5  83.3%  r@20  83.3%  MRR 0.708
  OVERALL      n=38  r@1  51.3%  r@5  74.4%  r@20  84.6%  MRR 0.627
    concept      n=16  r@1  18.8%  r@5  50.0%  r@20  81.2%  MRR 0.313
    person       n= 4  r@1   0.0%  r@5  50.0%  r@20  75.0%  MRR 0.169
    typo         n= 6  r@1  50.0%  r@5  66.7%  r@20  83.3%  MRR 0.565
  OVERALL      n=38  r@1  35.9%  r@5  64.1%  r@20  84.6%  MRR 0.492
===== deep=100  (2.18 MB/query)
    concept      n=16  r@1  25.0%  r@5  50.0%  r@20  62.5%  MRR 0.365
    person       n= 4  r@1  25.0%  r@5  50.0%  r@20  75.0%  MRR 0.344
    typo         n= 6  r@1  66.7%  r@5  66.7%  r@20 100.0%  MRR 0.695
  OVERALL      n=38  r@1  51.3%  r@5  66.7%  r@20  79.5%  MRR 0.602
    concept      n=16  r@1  43.8%  r@5  68.8%  r@20  93.8%  MRR 0.546
    person       n= 4  r@1   0.0%  r@5  75.0%  r@20 100.0%  MRR 0.286
    typo         n= 6  r@1  66.7%  r@5  83.3%  r@20  83.3%  MRR 0.708
  OVERALL      n=38  r@1  56.4%  r@5  79.5%  r@20  92.3%  MRR 0.668
    concept      n=16  r@1  31.2%  r@5  56.2%  r@20  93.8%  MRR 0.416
    person       n= 4  r@1   0.0%  r@5  50.0%  r@20 100.0%  MRR 0.172
    typo         n= 6  r@1  50.0%  r@5  66.7%  r@20  83.3%  MRR 0.557
  OVERALL      n=38  r@1  43.6%  r@5  66.7%  r@20  92.3%  MRR 0.548
===== deep=200  (4.37 MB/query)
    concept      n=16  r@1  25.0%  r@5  50.0%  r@20  62.5%  MRR 0.365
    person       n= 4  r@1  25.0%  r@5  50.0%  r@20  75.0%  MRR 0.344
    typo         n= 6  r@1  66.7%  r@5  66.7%  r@20 100.0%  MRR 0.695
  OVERALL      n=38  r@1  51.3%  r@5  66.7%  r@20  79.5%  MRR 0.602
    concept      n=16  r@1  43.8%  r@5  68.8%  r@20  93.8%  MRR 0.546
    person       n= 4  r@1   0.0%  r@5  75.0%  r@20 100.0%  MRR 0.284
    typo         n= 6  r@1  83.3%  r@5 100.0%  r@20 100.0%  MRR 0.867
  OVERALL      n=38  r@1  56.4%  r@5  82.1%  r@20  94.9%  MRR 0.679
    concept      n=16  r@1  31.2%  r@5  43.8%  r@20  93.8%  MRR 0.408
    person       n= 4  r@1   0.0%  r@5  50.0%  r@20 100.0%  MRR 0.176
    typo         n= 6  r@1  50.0%  r@5  83.3%  r@20 100.0%  MRR 0.635
  OVERALL      n=38  r@1  41.0%  r@5  64.1%  r@20  94.9%  MRR 0.537
===== deep=500  (10.92 MB/query)
    concept      n=16  r@1  25.0%  r@5  50.0%  r@20  62.5%  MRR 0.365
    person       n= 4  r@1  25.0%  r@5  50.0%  r@20  75.0%  MRR 0.344
    typo         n= 6  r@1  66.7%  r@5  66.7%  r@20 100.0%  MRR 0.695
  OVERALL      n=38  r@1  51.3%  r@5  66.7%  r@20  79.5%  MRR 0.602
    concept      n=16  r@1  43.8%  r@5  75.0%  r@20  93.8%  MRR 0.540
    person       n= 4  r@1   0.0%  r@5  75.0%  r@20 100.0%  MRR 0.284
    typo         n= 6  r@1  83.3%  r@5 100.0%  r@20 100.0%  MRR 0.867
  OVERALL      n=38  r@1  59.0%  r@5  84.6%  r@20  94.9%  MRR 0.697
    concept      n=16  r@1  31.2%  r@5  43.8%  r@20  93.8%  MRR 0.406
    person       n= 4  r@1   0.0%  r@5  50.0%  r@20 100.0%  MRR 0.171
    typo         n= 6  r@1  50.0%  r@5  83.3%  r@20 100.0%  MRR 0.644
  OVERALL      n=38  r@1  48.7%  r@5  66.7%  r@20  94.9%  MRR 0.586
===== deep=1000  (21.84 MB/query)
    concept      n=16  r@1  25.0%  r@5  50.0%  r@20  62.5%  MRR 0.365
    person       n= 4  r@1  25.0%  r@5  50.0%  r@20  75.0%  MRR 0.344
    typo         n= 6  r@1  66.7%  r@5  66.7%  r@20 100.0%  MRR 0.695
  OVERALL      n=38  r@1  51.3%  r@5  66.7%  r@20  79.5%  MRR 0.602
    concept      n=16  r@1  50.0%  r@5  81.2%  r@20 100.0%  MRR 0.612
    person       n= 4  r@1   0.0%  r@5  75.0%  r@20 100.0%  MRR 0.283
    typo         n= 6  r@1  66.7%  r@5 100.0%  r@20 100.0%  MRR 0.783
  OVERALL      n=38  r@1  59.0%  r@5  87.2%  r@20  97.4%  MRR 0.714
    concept      n=16  r@1  37.5%  r@5  56.2%  r@20 100.0%  MRR 0.481
    person       n= 4  r@1   0.0%  r@5  50.0%  r@20 100.0%  MRR 0.171
    typo         n= 6  r@1  50.0%  r@5  83.3%  r@20 100.0%  MRR 0.602
  OVERALL      n=38  r@1  51.3%  r@5  71.8%  r@20  97.4%  MRR 0.614
===== sweep done
