routing threshold 0.95
    concept      n=196  rel=197  r@1  38.6%  r@5  47.7%  r@20  52.3%  MRR 0.426
    conjunctive  n=68  rel= 74  r@1  77.0%  r@5  89.2%  r@20  90.5%  MRR 0.858
    person       n=64  rel=141  r@1  17.7%  r@5  41.1%  r@20  49.6%  MRR 0.474
    title        n=43  rel= 43  r@1 100.0%  r@5 100.0%  r@20 100.0%  MRR 1.000
    typo         n=44  rel= 44  r@1  45.5%  r@5  70.5%  r@20  86.4%  MRR 0.553
  OVERALL      n=415  r@1  44.3%  r@5  58.5%  r@20  64.3%  MRR 0.577
routing threshold 0.90
    concept      n=196  rel=197  r@1  38.6%  r@5  47.7%  r@20  52.3%  MRR 0.426
    conjunctive  n=68  rel= 74  r@1  77.0%  r@5  89.2%  r@20  90.5%  MRR 0.858
    person       n=64  rel=141  r@1  17.7%  r@5  41.1%  r@20  49.6%  MRR 0.474
    title        n=43  rel= 43  r@1 100.0%  r@5 100.0%  r@20 100.0%  MRR 1.000
    typo         n=44  rel= 44  r@1  45.5%  r@5  70.5%  r@20  86.4%  MRR 0.553
  OVERALL      n=415  r@1  44.3%  r@5  58.5%  r@20  64.3%  MRR 0.577
routing threshold 0.85
    concept      n=196  rel=197  r@1  38.6%  r@5  47.7%  r@20  52.3%  MRR 0.426
    conjunctive  n=68  rel= 74  r@1  77.0%  r@5  89.2%  r@20  90.5%  MRR 0.858
    person       n=64  rel=141  r@1  17.7%  r@5  41.1%  r@20  49.6%  MRR 0.474
    title        n=43  rel= 43  r@1 100.0%  r@5 100.0%  r@20 100.0%  MRR 1.000
    typo         n=44  rel= 44  r@1  47.7%  r@5  72.7%  r@20  86.4%  MRR 0.574
  OVERALL      n=415  r@1  44.5%  r@5  58.7%  r@20  64.3%  MRR 0.579
routing threshold 0.75
    concept      n=196  rel=197  r@1  38.6%  r@5  47.7%  r@20  52.3%  MRR 0.426
    conjunctive  n=68  rel= 74  r@1  77.0%  r@5  89.2%  r@20  90.5%  MRR 0.858
    person       n=64  rel=141  r@1  17.7%  r@5  41.1%  r@20  49.6%  MRR 0.474
    title        n=43  rel= 43  r@1 100.0%  r@5 100.0%  r@20 100.0%  MRR 1.000
    typo         n=44  rel= 44  r@1  75.0%  r@5  81.8%  r@20  90.9%  MRR 0.782
  OVERALL      n=415  r@1  46.9%  r@5  59.5%  r@20  64.7%  MRR 0.601
routing threshold 0.60
    concept      n=196  rel=197  r@1  38.6%  r@5  47.7%  r@20  52.3%  MRR 0.426
    conjunctive  n=68  rel= 74  r@1  77.0%  r@5  89.2%  r@20  90.5%  MRR 0.858
    person       n=64  rel=141  r@1  17.7%  r@5  40.4%  r@20  48.9%  MRR 0.469
    title        n=43  rel= 43  r@1 100.0%  r@5 100.0%  r@20 100.0%  MRR 1.000
    typo         n=44  rel= 44  r@1  84.1%  r@5  88.6%  r@20  97.7%  MRR 0.863
  OVERALL      n=415  r@1  47.7%  r@5  59.9%  r@20  65.1%  MRR 0.609

ROUTE SWEEP DONE
